[omexer.com/tm/mixito/demo/index.html]
[backblue.gif]
[fade.gif]
[index.html]
[omexer.com/tm/mixito/demo/assets/images/favicon.png]
[omexer.com/tm/mixito/demo/assets/css/bootstrap.min.css]
[omexer.com/tm/mixito/demo/assets/css/owl.carousel.min.css]
[omexer.com/tm/mixito/demo/assets/css/magnific-popup.css]
[omexer.com/tm/mixito/demo/assets/css/icofont.min.css]
[omexer.com/tm/mixito/demo/assets/css/animate.css]
[omexer.com/tm/mixito/demo/assets/css/style.css]
[omexer.com/tm/mixito/demo/assets/css/responsive.css]
[omexer.com/tm/mixito/demo/assets/images/logo.png]
[omexer.com/tm/mixito/demo/assets/images/watch-1.png]
[omexer.com/tm/mixito/demo/assets/images/watch-img.jpg]
[omexer.com/tm/mixito/demo/assets/images/watch-img-4.jpg]
[omexer.com/tm/mixito/demo/assets/images/product-1.jpg]
[omexer.com/tm/mixito/demo/assets/images/product-2.jpg]
[omexer.com/tm/mixito/demo/assets/images/product-3.jpg]
[omexer.com/tm/mixito/demo/assets/images/product-4.jpg]
[omexer.com/tm/mixito/demo/assets/images/watch-img-3.jpg]
[omexer.com/tm/mixito/demo/assets/images/client-1.jpg]
[omexer.com/tm/mixito/demo/assets/images/client-2.jpg]
[omexer.com/tm/mixito/demo/assets/images/client-3.jpg]
[omexer.com/tm/mixito/demo/assets/js/popper.min.js]
[omexer.com/tm/mixito/demo/assets/js/jquery-3.3.1.min.js]
[omexer.com/tm/mixito/demo/assets/js/bootstrap.min.js]
[omexer.com/tm/mixito/demo/assets/js/magnific-popup.min.js]
[omexer.com/tm/mixito/demo/assets/js/owl.carousel.min.js]
[omexer.com/tm/mixito/demo/assets/js/scrollIt.min.js]
[omexer.com/tm/mixito/demo/assets/js/contact.js]
[omexer.com/tm/mixito/demo/assets/js/validator.min.js]
[omexer.com/tm/mixito/demo/assets/js/custom.js]
[omexer.com/tm/mixito/demo/index.html]
[omexer.com/tm/mixito/demo/assets/css/bootstrap.min.css]
[omexer.com/tm/mixito/demo/assets/css/owl.video.play.png]
[omexer.com/tm/mixito/demo/assets/css/owl.carousel.min.css]
[omexer.com/tm/mixito/demo/assets/css/magnific-popup.css]
[omexer.com/tm/mixito/demo/assets/fonts/icofont.woff2]
[omexer.com/tm/mixito/demo/assets/css/icofont.min.css]
[omexer.com/tm/mixito/demo/assets/css/animate.css]
[omexer.com/tm/mixito/demo/assets/fonts/icofont.woff]
[omexer.com/tm/mixito/demo/assets/images/banner-1.png]
[omexer.com/tm/mixito/demo/assets/images/banner-2.jpg]
[omexer.com/tm/mixito/demo/assets/images/banner-3.png]
[omexer.com/tm/mixito/demo/assets/images/banner-4.jpg]
[omexer.com/tm/mixito/demo/assets/images/map-bg.png]
[omexer.com/tm/mixito/demo/assets/css/style.css]
[omexer.com/tm/mixito/demo/assets/css/responsive.css]
[omexer.com/tm/mixito/demo/assets/css/owl.video.play.html]
[omexer.com/tm/mixito/demo/assets/images/watch-img-2.jpg]
[omexer.com/tm/mixito/demo/assets/images/testi-bg.png]
